[
  {
    "passed": false,
    "ignored": false,
    "resource_id": "aws_s3_bucket.invalid",
    "resource_namespace": "spec/rules/SANDBOX_001/inputs/terraform.tf",
    "resource_type": "aws_s3_bucket",
    "severity": "high",
    "resources": [
      {
        "id": "aws_s3_bucket.invalid",
        "type": "aws_s3_bucket",
        "namespace": "spec/rules/SANDBOX_001/inputs/terraform.tf",
        "location": [
          {
            "filepath": "spec/rules/SANDBOX_001/inputs/terraform.tf",
            "line": 1,
            "column": 1
          }
        ]
      }
    ]
  }
]